// Jest Snapshot v1, https://goo.gl/fbAQLP

exports[`<Home  /> spec renders the Home 1`] = `
Object {
  "asFragment": [Function],
  "baseElement": <body>
    <div>
      <section
        class="container"
      >
        <header
          class="header"
        >
          <span
            class="heading"
          >
            Top stories
          </span>
          <div
            class="rhs"
          >
            <button
              class="container"
            >
              <svg
                class="icon"
              >
                bookmark_24px.svg
              </svg>
              <span
                class="label"
              >
                VIEW BOOKMARK
              </span>
            </button>
            <div
              class="dropdown"
            >
              <div
                class="dropdownHeader"
              >
                Select your destination
                <svg>
                  arrow_drop_down_24px.svg
                </svg>
              </div>
              <div
                class="dropdownBody"
              >
                <div
                  class="dropdownItem"
                  data-item="[object Object]"
                  id="1"
                >
                  Newest first
                </div>
                <div
                  class="dropdownItem"
                  data-item="[object Object]"
                  id="2"
                >
                  Oldest first
                </div>
                <div
                  class="dropdownItem"
                  data-item="[object Object]"
                  id="3"
                >
                  Most popular
                </div>
              </div>
            </div>
          </div>
        </header>
        <div
          class="container"
        >
          <div
            class="spinner"
          />
        </div>
      </section>
    </div>
  </body>,
  "container": <div>
    <section
      class="container"
    >
      <header
        class="header"
      >
        <span
          class="heading"
        >
          Top stories
        </span>
        <div
          class="rhs"
        >
          <button
            class="container"
          >
            <svg
              class="icon"
            >
              bookmark_24px.svg
            </svg>
            <span
              class="label"
            >
              VIEW BOOKMARK
            </span>
          </button>
          <div
            class="dropdown"
          >
            <div
              class="dropdownHeader"
            >
              Select your destination
              <svg>
                arrow_drop_down_24px.svg
              </svg>
            </div>
            <div
              class="dropdownBody"
            >
              <div
                class="dropdownItem"
                data-item="[object Object]"
                id="1"
              >
                Newest first
              </div>
              <div
                class="dropdownItem"
                data-item="[object Object]"
                id="2"
              >
                Oldest first
              </div>
              <div
                class="dropdownItem"
                data-item="[object Object]"
                id="3"
              >
                Most popular
              </div>
            </div>
          </div>
        </div>
      </header>
      <div
        class="container"
      >
        <div
          class="spinner"
        />
      </div>
    </section>
  </div>,
  "debug": [Function],
  "findAllByAltText": [Function],
  "findAllByDisplayValue": [Function],
  "findAllByLabelText": [Function],
  "findAllByPlaceholderText": [Function],
  "findAllByRole": [Function],
  "findAllByTestId": [Function],
  "findAllByText": [Function],
  "findAllByTitle": [Function],
  "findByAltText": [Function],
  "findByDisplayValue": [Function],
  "findByLabelText": [Function],
  "findByPlaceholderText": [Function],
  "findByRole": [Function],
  "findByTestId": [Function],
  "findByText": [Function],
  "findByTitle": [Function],
  "getAllByAltText": [Function],
  "getAllByDisplayValue": [Function],
  "getAllByLabelText": [Function],
  "getAllByPlaceholderText": [Function],
  "getAllByRole": [Function],
  "getAllByTestId": [Function],
  "getAllByText": [Function],
  "getAllByTitle": [Function],
  "getByAltText": [Function],
  "getByDisplayValue": [Function],
  "getByLabelText": [Function],
  "getByPlaceholderText": [Function],
  "getByRole": [Function],
  "getByTestId": [Function],
  "getByText": [Function],
  "getByTitle": [Function],
  "queryAllByAltText": [Function],
  "queryAllByDisplayValue": [Function],
  "queryAllByLabelText": [Function],
  "queryAllByPlaceholderText": [Function],
  "queryAllByRole": [Function],
  "queryAllByTestId": [Function],
  "queryAllByText": [Function],
  "queryAllByTitle": [Function],
  "queryByAltText": [Function],
  "queryByDisplayValue": [Function],
  "queryByLabelText": [Function],
  "queryByPlaceholderText": [Function],
  "queryByRole": [Function],
  "queryByTestId": [Function],
  "queryByText": [Function],
  "queryByTitle": [Function],
  "rerender": [Function],
  "unmount": [Function],
}
`;
