// Jest Snapshot v1, https://goo.gl/fbAQLP

exports[`<Dropdown /> spec renders the Dropdown 1`] = `
Object {
  "asFragment": [Function],
  "baseElement": <body>
    <div>
      <div
        class="dropdown"
      >
        <div
          class="dropdownHeader"
        >
          Select your destination
          <svg>
            arrow_drop_down_24px.svg
          </svg>
        </div>
        <div
          class="dropdownBody"
        >
          <div
            class="dropdownItem"
            data-item="[object Object]"
            id="1"
          >
            Newest first
          </div>
          <div
            class="dropdownItem"
            data-item="[object Object]"
            id="2"
          >
            Oldest first
          </div>
          <div
            class="dropdownItem"
            data-item="[object Object]"
            id="3"
          >
            Most popular
          </div>
        </div>
      </div>
    </div>
  </body>,
  "container": <div>
    <div
      class="dropdown"
    >
      <div
        class="dropdownHeader"
      >
        Select your destination
        <svg>
          arrow_drop_down_24px.svg
        </svg>
      </div>
      <div
        class="dropdownBody"
      >
        <div
          class="dropdownItem"
          data-item="[object Object]"
          id="1"
        >
          Newest first
        </div>
        <div
          class="dropdownItem"
          data-item="[object Object]"
          id="2"
        >
          Oldest first
        </div>
        <div
          class="dropdownItem"
          data-item="[object Object]"
          id="3"
        >
          Most popular
        </div>
      </div>
    </div>
  </div>,
  "debug": [Function],
  "findAllByAltText": [Function],
  "findAllByDisplayValue": [Function],
  "findAllByLabelText": [Function],
  "findAllByPlaceholderText": [Function],
  "findAllByRole": [Function],
  "findAllByTestId": [Function],
  "findAllByText": [Function],
  "findAllByTitle": [Function],
  "findByAltText": [Function],
  "findByDisplayValue": [Function],
  "findByLabelText": [Function],
  "findByPlaceholderText": [Function],
  "findByRole": [Function],
  "findByTestId": [Function],
  "findByText": [Function],
  "findByTitle": [Function],
  "getAllByAltText": [Function],
  "getAllByDisplayValue": [Function],
  "getAllByLabelText": [Function],
  "getAllByPlaceholderText": [Function],
  "getAllByRole": [Function],
  "getAllByTestId": [Function],
  "getAllByText": [Function],
  "getAllByTitle": [Function],
  "getByAltText": [Function],
  "getByDisplayValue": [Function],
  "getByLabelText": [Function],
  "getByPlaceholderText": [Function],
  "getByRole": [Function],
  "getByTestId": [Function],
  "getByText": [Function],
  "getByTitle": [Function],
  "queryAllByAltText": [Function],
  "queryAllByDisplayValue": [Function],
  "queryAllByLabelText": [Function],
  "queryAllByPlaceholderText": [Function],
  "queryAllByRole": [Function],
  "queryAllByTestId": [Function],
  "queryAllByText": [Function],
  "queryAllByTitle": [Function],
  "queryByAltText": [Function],
  "queryByDisplayValue": [Function],
  "queryByLabelText": [Function],
  "queryByPlaceholderText": [Function],
  "queryByRole": [Function],
  "queryByTestId": [Function],
  "queryByText": [Function],
  "queryByTitle": [Function],
  "rerender": [Function],
  "unmount": [Function],
}
`;
